Flow report for madgwick_processor
Mon May 06 10:29:05 2024
Quartus Prime Version 18.1.0 Build 625 09/12/2018 SJ Lite Edition


---------------------
; Table of Contents ;
---------------------
  1. Legal Notice
  2. Flow Summary
  3. Flow Settings
  4. Flow Non-Default Global Settings
  5. Flow Elapsed Time
  6. Flow OS Summary
  7. Flow Log
  8. Flow Messages
  9. Flow Suppressed Messages



----------------
; Legal Notice ;
----------------
Copyright (C) 2018  Intel Corporation. All rights reserved.
Your use of Intel Corporation's design tools, logic functions 
and other software and tools, and its AMPP partner logic 
functions, and any output files from any of the foregoing 
(including device programming or simulation files), and any 
associated documentation or information are expressly subject 
to the terms and conditions of the Intel Program License 
Subscription Agreement, the Intel Quartus Prime License Agreement,
the Intel FPGA IP License Agreement, or other applicable license
agreement, including, without limitation, that your use is for
the sole purpose of programming logic devices manufactured by
Intel and sold by Intel or its authorized distributors.  Please
refer to the applicable agreement for further details.



+----------------------------------------------------------------------------------+
; Flow Summary                                                                     ;
+------------------------------------+---------------------------------------------+
; Flow Status                        ; Successful - Mon May 06 10:29:05 2024       ;
; Quartus Prime Version              ; 18.1.0 Build 625 09/12/2018 SJ Lite Edition ;
; Revision Name                      ; madgwick_processor                          ;
; Top-level Entity Name              ; motion_nios                                 ;
; Family                             ; Cyclone IV E                                ;
; Device                             ; EP4CE22F17C6                                ;
; Timing Models                      ; Final                                       ;
; Total logic elements               ; 7,074 / 22,320 ( 32 % )                     ;
;     Total combinational functions  ; 6,903 / 22,320 ( 31 % )                     ;
;     Dedicated logic registers      ; 1,028 / 22,320 ( 5 % )                      ;
; Total registers                    ; 1028                                        ;
; Total pins                         ; 2 / 154 ( 1 % )                             ;
; Total virtual pins                 ; 0                                           ;
; Total memory bits                  ; 272,384 / 608,256 ( 45 % )                  ;
; Embedded Multiplier 9-bit elements ; 132 / 132 ( 100 % )                         ;
; Total PLLs                         ; 0 / 4 ( 0 % )                               ;
+------------------------------------+---------------------------------------------+


+-----------------------------------------+
; Flow Settings                           ;
+-------------------+---------------------+
; Option            ; Setting             ;
+-------------------+---------------------+
; Start date & time ; 05/06/2024 10:27:04 ;
; Main task         ; Compilation         ;
; Revision Name     ; madgwick_processor  ;
+-------------------+---------------------+


+----------------------------------------------------------------------------------------------------------------------------------------------------------+
; Flow Non-Default Global Settings                                                                                                                         ;
+--------------------------------------+---------------------------------------------------------------+--------------------+-------------+----------------+
; Assignment Name                      ; Value                                                         ; Default Value      ; Entity Name ; Section Id     ;
+--------------------------------------+---------------------------------------------------------------+--------------------+-------------+----------------+
; COMPILER_SIGNATURE_ID                ; 79846627254421.171497142407572                                ; --                 ; --          ; --             ;
; EDA_DESIGN_INSTANCE_NAME             ; normalise_quat_tb                                             ; --                 ; --          ; test_normalise ;
; EDA_DESIGN_INSTANCE_NAME             ; dut                                                           ; --                 ; --          ; test_multquat  ;
; EDA_DESIGN_INSTANCE_NAME             ; dut                                                           ; --                 ; --          ; test_addsub    ;
; EDA_NATIVELINK_SIMULATION_TEST_BENCH ; test_normalise                                                ; --                 ; --          ; eda_simulation ;
; EDA_OUTPUT_DATA_FORMAT               ; Verilog Hdl                                                   ; --                 ; --          ; eda_simulation ;
; EDA_SIMULATION_TOOL                  ; ModelSim-Altera (Verilog)                                     ; <None>             ; --          ; --             ;
; EDA_TEST_BENCH_ENABLE_STATUS         ; TEST_BENCH_MODE                                               ; --                 ; --          ; eda_simulation ;
; EDA_TEST_BENCH_FILE                  ; normalise_tb.v                                                ; --                 ; --          ; test_normalise ;
; EDA_TEST_BENCH_FILE                  ; multquat_tb.v                                                 ; --                 ; --          ; test_multquat  ;
; EDA_TEST_BENCH_FILE                  ; addsub_tb.v                                                   ; --                 ; --          ; test_addsub    ;
; EDA_TEST_BENCH_MODULE_NAME           ; normalise_quat_tb                                             ; --                 ; --          ; test_normalise ;
; EDA_TEST_BENCH_MODULE_NAME           ; multquat_tb                                                   ; --                 ; --          ; test_multquat  ;
; EDA_TEST_BENCH_MODULE_NAME           ; addsub_quat_tb                                                ; --                 ; --          ; test_addsub    ;
; EDA_TEST_BENCH_NAME                  ; test_normalise                                                ; --                 ; --          ; eda_simulation ;
; EDA_TEST_BENCH_NAME                  ; test_addsub                                                   ; --                 ; --          ; eda_simulation ;
; EDA_TEST_BENCH_NAME                  ; test_multquat                                                 ; --                 ; --          ; eda_simulation ;
; EDA_TIME_SCALE                       ; 1 ps                                                          ; --                 ; --          ; eda_simulation ;
; MAX_CORE_JUNCTION_TEMP               ; 85                                                            ; --                 ; --          ; --             ;
; MIN_CORE_JUNCTION_TEMP               ; 0                                                             ; --                 ; --          ; --             ;
; MISC_FILE                            ; motion_nios/synthesis/../motion_nios.cmp                      ; --                 ; --          ; --             ;
; MISC_FILE                            ; motion_nios/synthesis/../../motion_nios.qsys                  ; --                 ; --          ; --             ;
; NOMINAL_CORE_SUPPLY_VOLTAGE          ; 1.2V                                                          ; --                 ; --          ; --             ;
; PARTITION_COLOR                      ; -- (Not supported for targeted family)                        ; --                 ; motion_nios ; Top            ;
; PARTITION_FITTER_PRESERVATION_LEVEL  ; -- (Not supported for targeted family)                        ; --                 ; motion_nios ; Top            ;
; PARTITION_NETLIST_TYPE               ; -- (Not supported for targeted family)                        ; --                 ; motion_nios ; Top            ;
; POWER_BOARD_THERMAL_MODEL            ; None (CONSERVATIVE)                                           ; --                 ; --          ; --             ;
; POWER_PRESET_COOLING_SOLUTION        ; 23 MM HEAT SINK WITH 200 LFPM AIRFLOW                         ; --                 ; --          ; --             ;
; PROJECT_OUTPUT_DIRECTORY             ; output_files                                                  ; --                 ; --          ; --             ;
; SLD_FILE                             ; motion_nios/synthesis/motion_nios.debuginfo                   ; --                 ; --          ; --             ;
; SLD_INFO                             ; QSYS_NAME motion_nios HAS_SOPCINFO 1 GENERATION_ID 1714971361 ; --                 ; motion_nios ; --             ;
; SOPCINFO_FILE                        ; motion_nios/synthesis/../../motion_nios.sopcinfo              ; --                 ; --          ; --             ;
; SYNTHESIS_ONLY_QIP                   ; On                                                            ; --                 ; --          ; --             ;
; TOP_LEVEL_ENTITY                     ; motion_nios                                                   ; madgwick_processor ; --          ; --             ;
+--------------------------------------+---------------------------------------------------------------+--------------------+-------------+----------------+


+--------------------------------------------------------------------------------------------------------------------------+
; Flow Elapsed Time                                                                                                        ;
+----------------------+--------------+-------------------------+---------------------+------------------------------------+
; Module Name          ; Elapsed Time ; Average Processors Used ; Peak Virtual Memory ; Total CPU Time (on all processors) ;
+----------------------+--------------+-------------------------+---------------------+------------------------------------+
; Analysis & Synthesis ; 00:01:09     ; 1.0                     ; 4925 MB             ; 00:00:51                           ;
; Fitter               ; 00:00:24     ; 1.1                     ; 5611 MB             ; 00:00:19                           ;
; Assembler            ; 00:00:02     ; 1.0                     ; 4703 MB             ; 00:00:02                           ;
; Timing Analyzer      ; 00:00:05     ; 1.3                     ; 4846 MB             ; 00:00:03                           ;
; EDA Netlist Writer   ; 00:00:11     ; 1.0                     ; 4727 MB             ; 00:00:07                           ;
; Total                ; 00:01:51     ; --                      ; --                  ; 00:01:22                           ;
+----------------------+--------------+-------------------------+---------------------+------------------------------------+


+------------------------------------------------------------------------------------+
; Flow OS Summary                                                                    ;
+----------------------+------------------+------------+------------+----------------+
; Module Name          ; Machine Hostname ; OS Name    ; OS Version ; Processor type ;
+----------------------+------------------+------------+------------+----------------+
; Analysis & Synthesis ; LAPTOP-Q8I3TMJT  ; Windows 10 ; 10.0       ; x86_64         ;
; Fitter               ; LAPTOP-Q8I3TMJT  ; Windows 10 ; 10.0       ; x86_64         ;
; Assembler            ; LAPTOP-Q8I3TMJT  ; Windows 10 ; 10.0       ; x86_64         ;
; Timing Analyzer      ; LAPTOP-Q8I3TMJT  ; Windows 10 ; 10.0       ; x86_64         ;
; EDA Netlist Writer   ; LAPTOP-Q8I3TMJT  ; Windows 10 ; 10.0       ; x86_64         ;
+----------------------+------------------+------------+------------+----------------+


------------
; Flow Log ;
------------
quartus_map --read_settings_files=on --write_settings_files=off madgwick_processor -c madgwick_processor
quartus_fit --read_settings_files=off --write_settings_files=off madgwick_processor -c madgwick_processor
quartus_asm --read_settings_files=off --write_settings_files=off madgwick_processor -c madgwick_processor
quartus_sta madgwick_processor -c madgwick_processor
quartus_eda --read_settings_files=off --write_settings_files=off madgwick_processor -c madgwick_processor



